// Jest Snapshot v1, https://goo.gl/fbAQLP

exports[`<CompetencyWeightingForm /> should match the snapshot 1`] = `
initialize {
  "0": Node {
    "attribs": Object {
      "class": "MuiGrid-root MuiGrid-container MuiGrid-spacing-xs-8 MuiGrid-align-items-xs-flex-start MuiGrid-align-content-xs-space-between",
    },
    "children": Array [
      Node {
        "attribs": Object {
          "class": "MuiGrid-root MuiGrid-item MuiGrid-grid-xs-12 MuiGrid-grid-lg-12",
        },
        "children": Array [],
        "name": "div",
        "namespace": "http://www.w3.org/1999/xhtml",
        "next": null,
        "parent": [Circular],
        "prev": null,
        "type": "tag",
        "x-attribsNamespace": Object {
          "class": undefined,
        },
        "x-attribsPrefix": Object {
          "class": undefined,
        },
      },
    ],
    "name": "div",
    "namespace": "http://www.w3.org/1999/xhtml",
    "next": null,
    "parent": Node {
      "children": Array [
        [Circular],
      ],
      "name": "root",
      "next": null,
      "parent": null,
      "prev": null,
      "type": "root",
    },
    "prev": null,
    "type": "tag",
    "x-attribsNamespace": Object {
      "class": undefined,
    },
    "x-attribsPrefix": Object {
      "class": undefined,
    },
  },
  "_root": [Circular],
  "length": 1,
  "options": Object {
    "decodeEntities": true,
    "xml": false,
  },
}
`;
